--------- beginning of crash
E/AndroidRuntime(  518): *** FATAL EXCEPTION IN SYSTEM PROCESS: main
E/AndroidRuntime(  518): java.lang.NullPointerException: Attempt to invoke virtual method 'void com.android.server.wm.WindowManagerService.showBootMessage(java.lang.CharSequence, boolean)' on a null object reference
E/AndroidRuntime(  518): 	at com.android.server.am.ActivityManagerService.showBootMessage(ActivityManagerService.java:6300)
E/AndroidRuntime(  518): 	at com.android.server.SystemServer.startOtherServices(SystemServer.java:617)
E/AndroidRuntime(  518): 	at com.android.server.SystemServer.run(SystemServer.java:285)
E/AndroidRuntime(  518): 	at com.android.server.SystemServer.main(SystemServer.java:186)
E/AndroidRuntime(  518): 	at java.lang.reflect.Method.invoke(Native Method)
E/AndroidRuntime(  518): 	at java.lang.reflect.Method.invoke(Method.java:372)
E/AndroidRuntime(  518): 	at com.android.internal.os.ZygoteInit$MethodAndArgsCaller.run(ZygoteInit.java:904)
E/AndroidRuntime(  518): 	at com.android.internal.os.ZygoteInit.main(ZygoteInit.java:699)
--------- beginning of system
I/auditd  ( 1101): Exiting
W/PackageManager( 1040): Failed to parse /system/framework/org.cyanogenmod.platform-res.apk: Signature mismatch for shared user : SharedUserSetting{1bf44aaa android.uid.system/1000}
I/PackageManager( 1040): SELinux relabeling of org.cyanogenmod.audiofx issued.
I/PackageManager( 1040): SELinux relabeling of com.android.backupconfirm issued.
W/PackageManager( 1040): Failed to parse /system/priv-app/CMSettingsProvider: Signature mismatch for shared user : SharedUserSetting{1bf44aaa android.uid.system/1000}
I/PackageManager( 1040): SELinux relabeling of com.cyanogenmod.updater issued.
I/PackageManager( 1040): SELinux relabeling of com.android.providers.calendar issued.
I/PackageManager( 1040): SELinux relabeling of com.android.cellbroadcastreceiver issued.
W/PackageParser( 1040): No actions in intent filter at /system/priv-app/Contacts/Contacts.apk Binary XML file line #368
I/auditd  ( 1108): Starting up
E/audit_log( 1108): Could not stat audit logfile /data/misc/audit/audit.log: Permission denied
E/auditd  ( 1108): Failed on audit_log_open
I/auditd  ( 1108): Exiting
W/PackageManager( 1040): Failed to parse /system/priv-app/Contacts: Signature mismatch for shared user : SharedUserSetting{3c9b16a android.uid.shared/10002}
W/PackageManager( 1040): Failed to parse /system/priv-app/ContactsProvider: Signature mismatch for shared user : SharedUserSetting{3c9b16a android.uid.shared/10002}
W/PackageManager( 1040): Failed to parse /system/priv-app/CyanogenSetupWizard: Signature mismatch for shared user : SharedUserSetting{1bf44aaa android.uid.system/1000}
I/PackageManager( 1040): SELinux relabeling of com.android.defcontainer issued.
W/PackageParser( 1040): No actions in intent filter at /system/priv-app/Dialer/Dialer.apk Binary XML file line #186
I/auditd  ( 1118): Starting up
E/audit_log( 1118): Could not stat audit logfile /data/misc/audit/audit.log: Permission denied
E/auditd  ( 1118): Failed on audit_log_open
I/auditd  ( 1118): Exiting
I/PackageManager( 1040): SELinux relabeling of com.android.dialer issued.
I/PackageManager( 1040): SELinux relabeling of com.android.providers.downloads issued.
W/PackageManager( 1040): Permission android.permission.DOWNLOAD_WITHOUT_NOTIFICATION from package com.android.providers.downloads ignored: no group null
I/PackageManager( 1040): SELinux relabeling of com.android.externalstorage issued.
W/PackageManager( 1040): Failed to parse /system/priv-app/FusedLocation: Signature mismatch for shared user : SharedUserSetting{1bf44aaa android.uid.system/1000}
W/PackageManager( 1040): Failed to parse /system/priv-app/InputDevices: Signature mismatch for shared user : SharedUserSetting{1bf44aaa android.uid.system/1000}
I/PackageManager( 1040): SELinux relabeling of com.android.managedprovisioning issued.
I/PackageManager( 1040): SELinux relabeling of com.android.providers.media issued.
I/PackageManager( 1040): SELinux relabeling of com.android.mms issued.
I/PackageManager( 1040): SELinux relabeling of com.android.mms.service issued.
I/PackageManager( 1040): SELinux relabeling of com.android.onetimeinitializer issued.
I/PackageManager( 1040): SELinux relabeling of com.android.proxyhandler issued.
I/auditd  ( 1124): Starting up
E/audit_log( 1124): Could not stat audit logfile /data/misc/audit/audit.log: Permission denied
E/auditd  ( 1124): Failed on audit_log_open
I/auditd  ( 1124): Exiting
W/PackageManager( 1040): Failed to parse /system/priv-app/Settings: Signature mismatch for shared user : SharedUserSetting{1bf44aaa android.uid.system/1000}
W/PackageManager( 1040): Failed to parse /system/priv-app/SettingsProvider: Signature mismatch for shared user : SharedUserSetting{1bf44aaa android.uid.system/1000}
I/PackageManager( 1040): SELinux relabeling of com.android.sharedstoragebackup issued.
I/PackageManager( 1040): SELinux relabeling of com.android.shell issued.
I/auditd  ( 1130): Starting up
E/audit_log( 1130): Could not stat audit logfile /data/misc/audit/audit.log: Permission denied
E/auditd  ( 1130): Failed on audit_log_open
I/auditd  ( 1130): Exiting
W/PackageManager( 1040): Failed to parse /system/priv-app/SystemUI: Signature mismatch for shared user : SharedUserSetting{18c4b484 android.uid.systemui/10021}
I/PackageManager( 1040): SELinux relabeling of com.android.phone issued.
W/PackageManager( 1040): Permission com.android.phone.CHANGE_NETWORK_MODE from package com.android.phone ignored: no group null
W/PackageParser( 1040): Unknown element under <intent-filter>: android at /system/priv-app/Telecom/Telecom.apk Binary XML file line #236
W/PackageParser( 1040): Unknown element under <intent-filter>: android at /system/priv-app/Telecom/Telecom.apk Binary XML file line #244
W/PackageManager( 1040): Failed to parse /system/priv-app/Telecom: Signature mismatch for shared user : SharedUserSetting{1bf44aaa android.uid.system/1000}
I/PackageManager( 1040): SELinux relabeling of com.android.providers.telephony issued.
I/PackageManager( 1040): SELinux relabeling of org.cyanogenmod.theme.chooser issued.
I/PackageManager( 1040): SELinux relabeling of org.cyanogenmod.themes.provider issued.
I/PackageManager( 1040): SELinux relabeling of com.cyanogenmod.trebuchet issued.
W/PackageManager( 1040): Permission com.android.launcher.permission.INSTALL_SHORTCUT from package com.cyanogenmod.trebuchet ignored: no group null
W/PackageManager( 1040): Permission com.android.launcher.permission.UNINSTALL_SHORTCUT from package com.cyanogenmod.trebuchet ignored: no group null
W/PackageManager( 1040): Permission com.android.launcher3.permission.READ_SETTINGS from package com.cyanogenmod.trebuchet ignored: no group null
W/PackageManager( 1040): Permission com.android.launcher3.permission.WRITE_SETTINGS from package com.cyanogenmod.trebuchet ignored: no group null
I/PackageManager( 1040): SELinux relabeling of com.android.vpndialogs issued.
I/PackageManager( 1040): SELinux relabeling of com.android.wallpapercropper issued.
W/PackageManager( 1040): Failed to parse /system/priv-app/FmRadio: Missing base APK in /system/priv-app/FmRadio
I/PackageManager( 1040): SELinux relabeling of com.android.dreams.basic issued.
W/PackageParser( 1040): No actions in intent filter at /system/app/Bluetooth/Bluetooth.apk Binary XML file line #229
I/PackageManager( 1040): SELinux relabeling of com.android.bluetooth issued.
I/auditd  ( 1136): Starting up
E/audit_log( 1136): Could not stat audit logfile /data/misc/audit/audit.log: Permission denied
E/auditd  ( 1136): Failed on audit_log_open
I/auditd  ( 1136): Exiting
I/PackageManager( 1040): SELinux relabeling of com.android.browser issued.
W/PackageParser( 1040): No actions in intent filter at /system/app/CMFileManager/CMFileManager.apk Binary XML file line #166
I/PackageManager( 1040): SELinux relabeling of com.cyanogenmod.filemanager issued.
I/PackageManager( 1040): SELinux relabeling of com.cyanogenmod.wallpapers issued.
I/PackageManager( 1040): SELinux relabeling of com.android.calculator2 issued.
I/PackageManager( 1040): SELinux relabeling of com.android.calendar issued.
I/PackageManager( 1040): SELinux relabeling of com.android.camera2 issued.
I/PackageManager( 1040): SELinux relabeling of com.android.captiveportallogin issued.
I/auditd  ( 1143): Starting up
E/audit_log( 1143): Could not stat audit logfile /data/misc/audit/audit.log: Permission denied
E/auditd  ( 1143): Failed on audit_log_open
I/auditd  ( 1143): Exiting
I/PackageManager( 1040): SELinux relabeling of com.android.certinstaller issued.
I/PackageManager( 1040): SELinux relabeling of com.android.deskclock issued.
W/PackageManager( 1040): Failed to parse /system/app/Development: Signature mismatch for shared user : SharedUserSetting{1bf44aaa android.uid.system/1000}
I/PackageManager( 1040): SELinux relabeling of com.android.documentsui issued.
I/PackageManager( 1040): SELinux relabeling of com.android.providers.downloads.ui issued.
I/PackageManager( 1040): SELinux relabeling of com.cyanogenmod.eleven issued.
I/PackageManager( 1040): SELinux relabeling of com.android.email issued.
W/PackageManager( 1040): Permission com.android.email.permission.READ_ATTACHMENT from package com.android.email ignored: no group null
I/PackageManager( 1040): SELinux relabeling of com.android.exchange issued.
I/PackageManager( 1040): SELinux relabeling of com.android.galaxy4 issued.
W/PackageParser( 1040): Unknown element under <application>: permission at /system/app/Gallery2/Gallery2.apk Binary XML file line #277
W/PackageParser( 1040): Unknown element under <application>: permission at /system/app/Gallery2/Gallery2.apk Binary XML file line #280
I/PackageManager( 1040): SELinux relabeling of com.android.gallery3d issued.
I/auditd  ( 1153): Starting up
E/audit_log( 1153): Could not stat audit logfile /data/misc/audit/audit.log: Permission denied
E/auditd  ( 1153): Failed on audit_log_open
I/auditd  ( 1153): Exiting
I/PackageManager( 1040): SELinux relabeling of com.android.htmlviewer issued.
I/PackageManager( 1040): SELinux relabeling of com.android.wallpaper.holospiral issued.
I/PackageManager( 1040): SELinux relabeling of com.android.incallui issued.
W/PackageManager( 1040): Failed to parse /system/app/KeyChain: Signature mismatch for shared user : SharedUserSetting{1bf44aaa android.uid.system/1000}
I/PackageManager( 1040): SELinux relabeling of com.android.inputmethod.latin issued.
I/PackageManager( 1040): SELinux relabeling of com.android.wallpaper issued.
I/PackageManager( 1040): SELinux relabeling of com.android.wallpaper.livepicker issued.
I/PackageManager( 1040): SELinux relabeling of com.cyanogenmod.lockclock issued.
I/PackageManager( 1040): SELinux relabeling of com.android.noisefield issued.
I/PackageManager( 1040): SELinux relabeling of com.android.pacprocessor issued.
I/PackageManager( 1040): SELinux relabeling of com.android.packageinstaller issued.
I/PackageManager( 1040): SELinux relabeling of com.android.phasebeam issued.
I/PackageManager( 1040): SELinux relabeling of org.cyanogenmod.wallpapers.photophase issued.
I/PackageManager( 1040): SELinux relabeling of com.android.dreams.phototable issued.
I/PackageManager( 1040): SELinux relabeling of com.svox.pico issued.
I/PackageManager( 1040): SELinux relabeling of com.android.printspooler issued.
I/PackageManager( 1040): SELinux relabeling of org.cyanogenmod.profiles issued.
I/PackageManager( 1040): SELinux relabeling of com.android.provision issued.
I/auditd  ( 1159): Starting up
E/audit_log( 1159): Could not stat audit logfile /data/misc/audit/audit.log: Permission denied
E/auditd  ( 1159): Failed on audit_log_open
I/auditd  ( 1159): Exiting
I/PackageManager( 1040): SELinux relabeling of com.android.soundrecorder issued.
I/PackageManager( 1040): SELinux relabeling of com.android.speechrecorder issued.
I/PackageManager( 1040): SELinux relabeling of com.android.stk issued.
I/PackageManager( 1040): SELinux relabeling of com.android.terminal issued.
W/PackageManager( 1040): Failed to parse /system/app/UserDictionaryProvider: Signature mismatch for shared user : SharedUserSetting{3c9b16a android.uid.shared/10002}
I/PackageManager( 1040): SELinux relabeling of com.android.musicvis issued.
I/PackageManager( 1040): SELinux relabeling of com.android.smspush issued.
I/PackageManager( 1040): SELinux relabeling of com.android.webview issued.
W/PackageManager( 1040): Failed to parse /data/app/mcRegistry: Missing base APK in /data/app/mcRegistry
I/PackageManager( 1040): SELinux relabeling of org.geometerplus.fbreader.plugin.pdf issued.
I/auditd  ( 1165): Starting up
E/audit_log( 1165): Could not stat audit logfile /data/misc/audit/audit.log: Permission denied
E/auditd  ( 1165): Failed on audit_log_open
I/auditd  ( 1165): Exiting
I/PackageManager( 1040): SELinux relabeling of com.android.vending issued.
W/PackageManager( 1040): Non-system app; cap priority to 0; package: com.android.vending activity: com.google.android.finsky.billing.setupwizard.PaymentsOptionalStepShimActivity origPrio: 100
W/PackageManager( 1040): Non-system app; cap priority to 0; package: com.android.vending activity: com.google.android.finsky.setup.VpaSelectionOptionalStepActivity origPrio: 10
W/PackageManager( 1040): Permission com.android.vending.CHECK_LICENSE from package com.android.vending ignored: no group null
W/PackageManager( 1040): Permission com.android.vending.BILLING from package com.android.vending ignored: no group null
I/PackageManager( 1040): SELinux relabeling of eu.chainfire.supersu issued.
I/PackageManager( 1040): SELinux relabeling of com.utorrent.client issued.
I/PackageManager( 1040): SELinux relabeling of ru.andr7e.deviceinfohw issued.
I/auditd  ( 1171): Starting up
E/audit_log( 1171): Could not stat audit logfile /data/misc/audit/audit.log: Permission denied
E/auditd  ( 1171): Failed on audit_log_open
I/auditd  ( 1171): Exiting
I/PackageManager( 1040): SELinux relabeling of com.google.android.tts issued.
I/PackageManager( 1040): SELinux relabeling of com.desmos.calculator issued.
W/PackageManager( 1040): Package org.geometerplus.zlibrary.ui.android desires unavailable shared library com.yotadevices.platinum; ignoring!
W/PackageManager( 1040): Package org.geometerplus.zlibrary.ui.android desires unavailable shared library com.sec.android.app.multiwindow; ignoring!
I/PackageManager( 1040): SELinux relabeling of org.geometerplus.zlibrary.ui.android issued.
I/PackageManager( 1040): SELinux relabeling of org.geometerplus.fbreader.plugin.djvu issued.
I/PackageManager( 1040): SELinux relabeling of uk.co.nickfines.RealCalc issued.
I/auditd  ( 1178): Starting up
E/audit_log( 1178): Could not stat audit logfile /data/misc/audit/audit.log: Permission denied
E/auditd  ( 1178): Failed on audit_log_open
I/auditd  ( 1178): Exiting
I/PackageManager( 1040): SELinux relabeling of com.estrongs.android.pop issued.
W/PackageParser( 1040): No actions in intent filter at /data/app/jackpal.androidterm-1/base.apk Binary XML file line #149
I/PackageManager( 1040): SELinux relabeling of jackpal.androidterm issued.
W/PackageManager( 1040): Permission jackpal.androidterm.permission.RUN_SCRIPT from package jackpal.androidterm ignored: no group null
W/PackageManager( 1040): Permission jackpal.androidterm.permission.APPEND_TO_PATH from package jackpal.androidterm ignored: no group null
W/PackageManager( 1040): Permission jackpal.androidterm.permission.PREPEND_TO_PATH from package jackpal.androidterm ignored: no group null
W/PackageManager( 1040): Failed to parse /data/app/stericson.busybox.donate-1: Cannot install platform packages to user storage!
W/PackageManager( 1040): Package com.speedsoftware.rootexplorer desires unavailable shared library com.sec.android.app.multiwindow; ignoring!
I/PackageManager( 1040): SELinux relabeling of com.speedsoftware.rootexplorer issued.
I/auditd  ( 1188): Starting up
E/audit_log( 1188): Could not stat audit logfile /data/misc/audit/audit.log: Permission denied
E/auditd  ( 1188): Failed on audit_log_open
I/auditd  ( 1188): Exiting
I/auditd  ( 1194): Starting up
E/audit_log( 1194): Could not stat audit logfile /data/misc/audit/audit.log: Permission denied
E/auditd  ( 1194): Failed on audit_log_open
I/auditd  ( 1194): Exiting
W/PackageManager( 1040): Package com.google.android.gms desires unavailable shared library com.google.android.ble; ignoring!
I/PackageManager( 1040): SELinux relabeling of com.google.android.gms issued.
W/PackageManager( 1040): Non-system app; cap priority to 0; package: com.google.android.gms activity: com.google.android.gms.appinvite.AppInviteAcceptInvitationActivity origPrio: 900
W/PackageManager( 1040): Non-system app; cap priority to 0; package: com.google.android.gms activity: com.google.android.gms.appinvite.AppInviteAcceptInvitationActivity origPrio: 900
W/PackageManager( 1040): Non-system app; cap priority to 0; package: com.google.android.gms activity: com.google.android.gms.auth.api.credentials.ui.CredentialsSettingsActivity origPrio: 1
W/PackageManager( 1040): Non-system app; cap priority to 0; package: com.google.android.gms activity: com.google.android.gms.backup.component.HighPriorityUsbDeviceAttachedActivity origPrio: 999
W/PackageManager( 1040): Non-system app; cap priority to 0; package: com.google.android.gms activity: com.google.android.gms.backup.component.D2dSourceActivity origPrio: 999
W/PackageManager( 1040): Non-system app; cap priority to 0; package: com.google.android.gms activity: com.google.android.gms.fitness.settings.FitnessSettingsActivity origPrio: 4
W/PackageManager( 1040): Non-system app; cap priority to 0; package: com.google.android.gms activity: com.google.android.location.settings.LocationHistorySettingsActivity origPrio: 3
W/PackageManager( 1040): Non-system app; cap priority to 0; package: com.google.android.gms activity: com.google.android.gms.people.settings.PeopleExternalSettingsActivity origPrio: 9
W/PackageManager( 1040): Non-system app; cap priority to 0; package: com.google.android.gms activity: com.google.android.gms.people.settings.PeopleContactsBackupAndSyncSettingsActivity origPrio: 8
W/PackageManager( 1040): Non-system app; cap priority to 0; package: com.google.android.gms activity: com.google.android.gms.people.settings.PeopleContactsRestoreSettingsActivity origPrio: 7
W/PackageManager( 1040): Non-system app; cap priority to 0; package: com.google.android.gms activity: com.google.android.gms.security.settings.SecuritySettingsActivity origPrio: 1
W/PackageManager( 1040): Non-system app; cap priority to 0; package: com.google.android.gms activity: com.google.android.gms.smartdevice.setup.ui.DiscoveryActivity origPrio: 1
W/PackageManager( 1040): Non-system app; cap priority to 0; package: com.google.android.gms activity: com.google.android.gms.tapandpay.tokenization.AddNewCardThroughBrowserActivity origPrio: 999
W/PackageManager( 1040): Non-system app; cap priority to 0; package: com.google.android.gms activity: com.google.android.gms.trustagent.discovery.OnbodyPromotionActivity origPrio: 10
W/PackageManager( 1040): Non-system app; cap priority to 0; package: com.google.android.gms activity: com.google.android.gms.wallet.setupwizard.PaymentsSetupWizardActivity origPrio: 101
W/PackageManager( 1040): Non-system app; cap priority to 0; package: com.google.android.gms activity: com.google.android.gms.walletp2p.feature.transfer.TransferMoneyActivity origPrio: 900
W/PackageManager( 1040): Non-system app; cap priority to 0; package: com.google.android.gms activity: com.google.android.gms.plus.apps.ListAppsActivity origPrio: 5
W/PackageManager( 1040): Permission com.google.android.gms.permission.CAR_SPEED from package com.google.android.gms ignored: no group null
W/PackageManager( 1040): Permission com.google.android.gms.permission.ACTIVITY_RECOGNITION from package com.google.android.gms ignored: no group null
W/PackageParser( 1040): Unknown element under <manifest>: uses-permission-sdk-23 at /data/app/com.google.android.calendar-2/base.apk Binary XML file line #74
I/auditd  ( 1200): Starting up
E/audit_log( 1200): Could not stat audit logfile /data/misc/audit/audit.log: Permission denied
E/auditd  ( 1200): Failed on audit_log_open
I/auditd  ( 1200): Exiting
I/PackageManager( 1040): SELinux relabeling of com.google.android.calendar issued.
W/PackageManager( 1040): Non-system app; cap priority to 0; package: com.google.android.calendar activity: com.android.calendar.event.LaunchInfoActivity origPrio: 50
W/PackageManager( 1040): Non-system app; cap priority to 0; package: com.google.android.calendar activity: com.android.calendar.event.LaunchInfoActivity origPrio: 50
W/PackageManager( 1040): Package com.speedsoftware.rootexplorer desires unavailable shared library com.sec.android.app.multiwindow; ignoring!
W/PackageManager( 1040): Package org.geometerplus.zlibrary.ui.android desires unavailable shared library com.yotadevices.platinum; ignoring!
W/PackageManager( 1040): Package org.geometerplus.zlibrary.ui.android desires unavailable shared library com.sec.android.app.multiwindow; ignoring!
W/PackageManager( 1040): Package com.android.mms desires unavailable shared library com.qrd.wappush; ignoring!
E/PackageManager( 1040): updateAllSharedLibrariesLPw failed: Package com.android.dialer requires unavailable shared library com.qualcomm.qti.smartsearch; failing!
W/PackageManager( 1040): Package com.android.gallery3d desires unavailable shared library com.google.android.media.effects; ignoring!
W/PackageManager( 1040): Package com.android.gallery3d desires unavailable shared library com.google.android.media.effects; ignoring!
W/PackageManager( 1040): Package com.google.android.gms desires unavailable shared library com.google.android.ble; ignoring!
W/PackageManager( 1040): Package com.android.calculator2 desires unavailable shared library com.sec.android.app.multiwindow; ignoring!
I/PackageManager( 1040): Time to scan packages: 92.706 seconds
W/PackageManager( 1040): Removing dangling permission: android.permission.ACCESS_CACHE_FILESYSTEM from package android
W/PackageManager( 1040): Removing dangling permission: android.permission.NET_RAW from package android
W/PackageManager( 1040): Removing dangling permission: android.permission.MANAGE_VOICE_KEYPHRASES from package android
W/PackageManager( 1040): Removing dangling permission: android.permission.LOOP_RADIO from package android
W/PackageManager( 1040): Removing dangling permission: android.permission.BLUETOOTH from package android
W/PackageManager( 1040): Removing dangling permission: android.permission.WRITE_MEDIA_STORAGE from package android
W/PackageManager( 1040): Removing dangling permission: android.permission.ACCESS_ALL_EXTERNAL_STORAGE from package android
W/PackageManager( 1040): Removing dangling permission: android.permission.INTERNET from package android
W/PackageManager( 1040): Removing dangling permission: android.permission.BLUETOOTH_ADMIN from package android
W/PackageManager( 1040): Removing dangling permission: android.permission.BLUETOOTH_STACK from package android
W/PackageManager( 1040): Removing dangling permission: android.permission.NET_ADMIN from package android
W/PackageManager( 1040): Removing dangling permission: android.permission.READ_EXTERNAL_STORAGE from package android
W/PackageManager( 1040): Removing dangling permission: android.permission.DIAGNOSTIC from package android
W/PackageManager( 1040): Removing dangling permission: android.permission.ACCESS_MTP from package android
W/PackageManager( 1040): Removing dangling permission: android.permission.READ_LOGS from package android
W/PackageManager( 1040): Removing dangling permission: android.permission.READ_NETWORK_USAGE_HISTORY from package android
W/PackageManager( 1040): Removing dangling permission: android.permission.NET_TUNNELING from package android
W/PackageManager( 1040): Removing dangling permission: android.permission.WRITE_EXTERNAL_STORAGE from package android
W/PackageManager( 1040): Removing dangling permission: android.permission.MODIFY_NETWORK_ACCOUNTING from package android
W/PackageManager( 1040): Unknown permission android.permission.RECEIVE_SMS in package com.android.providers.telephony
W/PackageManager( 1040): Unknown permission android.permission.WRITE_EXTERNAL_STORAGE in package com.android.providers.telephony
W/PackageManager( 1040): Unknown permission android.permission.INTERACT_ACROSS_USERS in package com.android.providers.telephony
W/PackageManager( 1040): Unknown permission android.permission.READ_EXTERNAL_STORAGE in package com.android.providers.telephony
W/PackageManager( 1040): Unknown permission android.permission.READ_CALENDAR in package com.android.providers.calendar
W/PackageManager( 1040): Unknown permission android.permission.WRITE_CALENDAR in package com.android.providers.calendar
W/PackageManager( 1040): Unknown permission android.permission.RECEIVE_BOOT_COMPLETED in package com.android.providers.calendar
W/PackageManager( 1040): Unknown permission com.google.android.googleapps.permission.GOOGLE_AUTH in package com.android.providers.calendar
W/PackageManager( 1040): Unknown permission com.google.android.googleapps.permission.GOOGLE_AUTH.cl in package com.android.providers.calendar
W/PackageManager( 1040): Unknown permission android.permission.GET_ACCOUNTS in package com.android.providers.calendar
W/PackageManager( 1040): Unknown permission android.permission.USE_CREDENTIALS in package com.android.providers.calendar
W/PackageManager( 1040): Unknown permission android.permission.MANAGE_ACCOUNTS in package com.android.providers.calendar
W/PackageManager( 1040): Unknown permission android.permission.READ_SYNC_STATS in package com.android.providers.calendar
W/PackageManager( 1040): Unknown permission android.permission.READ_SYNC_SETTINGS in package com.android.providers.calendar
W/PackageManager( 1040): Unknown permission android.permission.WRITE_SYNC_SETTINGS in package com.android.providers.calendar
W/PackageManager( 1040): Unknown permission android.permission.INTERNET in package com.android.providers.calendar
W/PackageManager( 1040): Unknown permission android.permission.SUBSCRIBED_FEEDS_READ in package com.android.providers.calendar
W/PackageManager( 1040): Unknown permission android.permission.SUBSCRIBED_FEEDS_WRITE in package com.android.providers.calendar
W/PackageManager( 1040): Unknown permission android.permission.WAKE_LOCK in package com.android.providers.calendar
W/PackageManager( 1040): Unknown permission android.permission.WRITE_EXTERNAL_STORAGE in package com.android.providers.calendar
W/PackageManager( 1040): Unknown permission android.permission.UPDATE_APP_OPS_STATS in package com.android.providers.calendar
W/PackageManager( 1040): Unknown permission android.permission.READ_EXTERNAL_STORAGE in package com.android.providers.calendar
W/PackageManager( 1040): Unknown permission android.permission.INTERNET in package com.utorrent.client
W/PackageManager( 1040): Unknown permission android.permission.WRITE_EXTERNAL_STORAGE in package com.utorrent.client
W/PackageManager( 1040): Unknown permission android.permission.ACCESS_WIFI_STATE in package com.utorrent.client
W/PackageManager( 1040): Unknown permission android.permission.RECEIVE_BOOT_COMPLETED in package com.utorrent.client
W/PackageManager( 1040): Unknown permission android.permission.ACCESS_NETWORK_STATE in package com.utorrent.client
W/PackageManager( 1040): Unknown permission android.permission.ACCESS_FINE_LOCATION in package com.utorrent.client
W/PackageManager( 1040): Unknown permission android.permission.VIBRATE in package com.utorrent.client
W/PackageManager( 1040): Unknown permission android.permission.WAKE_LOCK in package com.utorrent.client
W/PackageManager( 1040): Unknown permission android.permission.READ_EXTERNAL_STORAGE in package com.utorrent.client
W/PackageManager( 1040): Unknown permission android.permission.RECEIVE_BOOT_COMPLETED in package com.android.providers.media
W/PackageManager( 1040): Unknown permission android.permission.WRITE_SETTINGS in package com.android.providers.media
W/PackageManager( 1040): Unknown permission android.permission.WAKE_LOCK in package com.android.providers.media
W/PackageManager( 1040): Unknown permission android.permission.WRITE_EXTERNAL_STORAGE in package com.android.providers.media
W/PackageManager( 1040): Unknown permission android.permission.WRITE_MEDIA_STORAGE in package com.android.providers.media
W/PackageManager( 1040): Unknown permission android.permission.ACCESS_MTP in package com.android.providers.media
W/PackageManager( 1040): Unknown permission android.permission.MANAGE_USERS in package com.android.providers.media
W/PackageManager( 1040): Unknown permission android.permission.INTERACT_ACROSS_USERS in package com.android.providers.media
W/PackageManager( 1040): Unknown permission android.permission.READ_EXTERNAL_STORAGE in package com.android.providers.media
W/PackageManager( 1040): Unknown permission android.permission.SET_WALLPAPER in package com.android.wallpapercropper
W/PackageManager( 1040): Unknown permission android.permission.SET_WALLPAPER_HINTS in package com.android.wallpapercropper
W/PackageManager( 1040): Unknown permission android.permission.ACCESS_NETWORK_STATE in package com.desmos.calculator
W/PackageManager( 1040): Unknown permission android.permission.INTERNET in package com.desmos.calculator
W/PackageManager( 1040): Unknown permission android.permission.ACCESS_WIFI_STATE in package com.desmos.calculator
W/PackageManager( 1040): Unknown permission android.permission.WRITE_EXTERNAL_STORAGE in package com.desmos.calculator
W/PackageManager( 1040): Unknown permission android.permission.WAKE_LOCK in package com.desmos.calculator
W/PackageManager( 1040): Unknown permission com.google.android.c2dm.permission.RECEIVE in package com.desmos.calculator
W/PackageManager( 1040): Unknown permission android.permission.READ_EXTERNAL_STORAGE in package com.desmos.calculator
W/PackageManager( 1040): Unknown permission android.permission.WRITE_EXTERNAL_STORAGE in package com.speedsoftware.rootexplorer
W/PackageManager( 1040): Unknown permission com.android.launcher.permission.INSTALL_SHORTCUT in package com.speedsoftware.rootexplorer
W/PackageManager( 1040): Unknown permission android.permission.INTERNET in package com.speedsoftware.rootexplorer
W/PackageManager( 1040): Unknown permission android.permission.WAKE_LOCK in package com.speedsoftware.rootexplorer
W/PackageManager( 1040): Unknown permission android.permission.GET_ACCOUNTS in package com.speedsoftware.rootexplorer
W/PackageManager( 1040): Unknown permission android.permission.MANAGE_ACCOUNTS in package com.speedsoftware.rootexplorer
W/PackageManager( 1040): Unknown permission android.permission.ACCESS_WIFI_STATE in package com.speedsoftware.rootexplorer
W/PackageManager( 1040): Unknown permission android.permission.ACCESS_NETWORK_STATE in package com.speedsoftware.rootexplorer
W/PackageManager( 1040): Unknown permission android.permission.ACCESS_SUPERUSER in package com.speedsoftware.rootexplorer
W/PackageManager( 1040): Unknown permission android.permission.READ_EXTERNAL_STORAGE in package com.speedsoftware.rootexplorer
W/PackageManager( 1040): Unknown permission android.permission.VIBRATE in package org.cyanogenmod.wallpapers.photophase
W/PackageManager( 1040): Unknown permission android.permission.REAL_GET_TASKS in package org.cyanogenmod.wallpapers.photophase
W/PackageManager( 1040): Unknown permission android.permission.READ_EXTERNAL_STORAGE in package org.cyanogenmod.wallpapers.photophase
W/PackageManager( 1040): Unknown permission android.permission.MANAGE_DOCUMENTS in package com.android.documentsui
W/PackageManager( 1040): Unknown permission android.permission.REMOVE_TASKS in package com.android.documentsui
W/PackageManager( 1040): Unknown permission android.permission.READ_EXTERNAL_STORAGE in package com.android.externalstorage
W/PackageManager( 1040): Unknown permission android.permission.WRITE_EXTERNAL_STORAGE in package com.android.externalstorage
W/PackageManager( 1040): Unknown permission android.permission.WRITE_MEDIA_STORAGE in package com.android.externalstorage
W/PackageManager( 1040): Unknown permission android.permission.READ_EXTERNAL_STORAGE in package com.android.htmlviewer
W/PackageManager( 1040): Unknown permission android.permission.INTERNET in package com.android.htmlviewer
W/PackageManager( 1040): Unknown permission android.permission.RECEIVE_BOOT_COMPLETED in package com.android.mms.service
W/PackageManager( 1040): Unknown permission android.permission.READ_SMS in package com.android.mms.service
W/PackageManager( 1040): Unknown permission android.permission.WRITE_SMS in package com.android.mms.service
W/PackageManager( 1040): Unknown permission android.permission.BROADCAST_WAP_PUSH in package com.android.mms.service
W/PackageManager( 1040): Unknown permission android.permission.BIND_CARRIER_MESSAGING_SERVICE in package com.android.mms.service
W/PackageManager( 1040): Unknown permission android.permission.INTERACT_ACROSS_USERS in package com.android.mms.service
W/PackageManager( 1040): Unknown permission android.permission.RECEIVE_BOOT_COMPLETED in package com.android.providers.downloads
W/PackageManager( 1040): Unknown permission android.permission.ACCESS_CACHE_FILESYSTEM in package com.android.providers.downloads
W/PackageManager( 1040): Unknown permission android.permission.ACCESS_NETWORK_STATE in package com.android.providers.downloads
W/PackageManager( 1040): Unknown permission android.permission.INTERNET in package com.android.providers.downloads
W/PackageManager( 1040): Unknown permission android.permission.WRITE_EXTERNAL_STORAGE in package com.android.providers.downloads
W/PackageManager( 1040): Unknown permission android.permission.UPDATE_DEVICE_STATS in package com.android.providers.downloads
W/PackageManager( 1040): Unknown permission android.permission.CONNECTIVITY_INTERNAL in package com.android.providers.downloads
W/PackageManager( 1040): Unknown permission android.permission.MODIFY_NETWORK_ACCOUNTING in package com.android.providers.downloads
W/PackageManager( 1040): Unknown permission android.permission.CLEAR_APP_CACHE in package com.android.providers.downloads
W/PackageManager( 1040): Unknown permission android.permission.WAKE_LOCK in package com.android.providers.downloads
W/PackageManager( 1040): Unknown permission android.permission.READ_EXTERNAL_STORAGE in package com.android.providers.downloads
W/PackageManager( 1040): Unknown permission android.permission.WRITE_EXTERNAL_STORAGE in package com.android.terminal
W/PackageManager( 1040): Unknown permission android.permission.READ_EXTERNAL_STORAGE in package com.android.terminal
W/PackageManager( 1040): Unknown permission android.permission.CHANGE_COMPONENT_ENABLED_STATE in package org.cyanogenmod.audiofx
W/PackageManager( 1040): Unknown permission android.permission.MODIFY_AUDIO_SETTINGS in package org.cyanogenmod.audiofx
W/PackageManager( 1040): Unknown permission android.permission.INTERNET in package org.cyanogenmod.audiofx
W/PackageManager( 1040): Unknown permission android.permission.BLUETOOTH in package org.cyanogenmod.audiofx
W/PackageManager( 1040): Unknown permission android.permission.RECORD_AUDIO in package org.cyanogenmod.audiofx
W/PackageManager( 1040): Unknown permission android.permission.RECEIVE_BOOT_COMPLETED in package org.cyanogenmod.audiofx
W/PackageManager( 1040): Unknown permission android.permission.ACCESS_WIFI_STATE in package org.cyanogenmod.audiofx
W/PackageManager( 1040): Unknown permission android.permission.ACCESS_COARSE_LOCATION in package com.android.browser
W/PackageManager( 1040): Not granting permission android.permission.ACCESS_DOWNLOAD_MANAGER to package com.android.browser (protectionLevel=18 flags=0x49be45)
W/PackageManager( 1040): Unknown permission android.permission.ACCESS_FINE_LOCATION in package com.android.browser
W/PackageManager( 1040): Unknown permission android.permission.ACCESS_NETWORK_STATE in package com.android.browser
W/PackageManager( 1040): Unknown permission android.permission.ACCESS_WIFI_STATE in package com.android.browser
W/PackageManager( 1040): Unknown permission android.permission.GET_ACCOUNTS in package com.android.browser
W/PackageManager( 1040): Unknown permission android.permission.USE_CREDENTIALS in package com.android.browser
W/PackageManager( 1040): Unknown permission android.permission.INTERNET in package com.android.browser
W/PackageManager( 1040): Unknown permission android.permission.NFC in package com.android.browser
W/PackageManager( 1040): Not granting permission android.permission.SEND_DOWNLOAD_COMPLETED_INTENTS to package com.android.browser (protectionLevel=2 flags=0x49be45)
W/PackageManager( 1040): Unknown permission android.permission.SET_WALLPAPER in package com.android.browser
W/PackageManager( 1040): Unknown permission android.permission.WAKE_LOCK in package com.android.browser
W/PackageManager( 1040): Unknown permission android.permission.WRITE_EXTERNAL_STORAGE in package com.android.browser
W/PackageManager( 1040): Unknown permission android.permission.WRITE_SETTINGS in package com.android.browser
W/PackageManager( 1040): Unknown permission android.permission.READ_SYNC_SETTINGS in package com.android.browser
W/PackageManager( 1040): Unknown permission android.permission.WRITE_SYNC_SETTINGS in package com.android.browser
W/PackageManager( 1040): Unknown permission android.permission.MANAGE_ACCOUNTS in package com.android.browser
W/PackageManager( 1040): Unknown permission android.permission.READ_PROFILE in package com.android.browser
W/PackageManager( 1040): Unknown permission android.permission.READ_CONTACTS in package com.android.browser
W/PackageManager( 1040): Unknown permission com.android.browser.permission.READ_HISTORY_BOOKMARKS in package com.android.browser
W/PackageManager( 1040): Unknown permission com.android.browser.permission.WRITE_HISTORY_BOOKMARKS in package com.android.browser
W/PackageManager( 1040): Unknown permission com.android.launcher.permission.INSTALL_SHORTCUT in package com.android.browser
W/PackageManager( 1040): Unknown permission android.permission.RECORD_AUDIO in package com.android.browser
W/PackageManager( 1040): Unknown permission android.permission.CAMERA in package com.android.browser
W/PackageManager( 1040): Unknown permission android.permission.MODIFY_AUDIO_SETTINGS in package com.android.browser
W/PackageManager( 1040): Unknown permission android.permission.READ_EXTERNAL_STORAGE in package com.android.browser
W/PackageManager( 1040): Unknown permission android.permission.INTERNET in package org.geometerplus.zlibrary.ui.android
W/PackageManager( 1040): Unknown permission android.permission.WAKE_LOCK in package org.geometerplus.zlibrary.ui.android
W/PackageManager( 1040): Unknown permission android.permission.READ_EXTERNAL_STORAGE in package org.geometerplus.zlibrary.ui.android
W/PackageManager( 1040): Unknown permission android.permission.WRITE_EXTERNAL_STORAGE in package org.geometerplus.zlibrary.ui.android
W/PackageManager( 1040): Unknown permission android.permission.ACCESS_NETWORK_STATE in package org.geometerplus.zlibrary.ui.android
W/PackageManager( 1040): Unknown permission com.yotadevices.framework.permission.ACCESS_BACKSCREEN in package org.geometerplus.zlibrary.ui.android
W/PackageManager( 1040): Unknown permission android.permission.RECORD_AUDIO in package com.android.soundrecorder
W/PackageManager( 1040): Unknown permission android.permission.INTERNET in package com.android.soundrecorder
W/PackageManager( 1040): Unknown permission android.permission.WAKE_LOCK in package com.android.soundrecorder
W/PackageManager( 1040): Unknown permission android.permission.WRITE_EXTERNAL_STORAGE in package com.android.soundrecorder
W/PackageManager( 1040): Unknown permission android.permission.WRITE_MEDIA_STORAGE in package com.android.soundrecorder
W/PackageManager( 1040): Unknown permission android.permission.READ_PHONE_STATE in package com.android.soundrecorder
W/PackageManager( 1040): Unknown permission android.permission.READ_EXTERNAL_STORAGE in package com.android.soundrecorder
W/PackageManager( 1040): Unknown permission android.permission.ASEC_ACCESS in package com.android.defcontainer
W/PackageManager( 1040): Unknown permission android.permission.ASEC_CREATE in package com.android.defcontainer
W/PackageManager( 1040): Unknown permission android.permission.ASEC_DESTROY in package com.android.defcontainer
W/PackageManager( 1040): Unknown permission android.permission.ASEC_MOUNT_UNMOUNT in package com.android.defcontainer
W/PackageManager( 1040): Unknown permission android.permission.WRITE_EXTERNAL_STORAGE in package com.android.defcontainer
W/PackageManager( 1040): Unknown permission android.permission.WRITE_MEDIA_STORAGE in package com.android.defcontainer
W/PackageManager( 1040): Unknown permission android.permission.ACCESS_CACHE_FILESYSTEM in package com.android.defcontainer
W/PackageManager( 1040): Unknown permission android.permission.ACCESS_ALL_EXTERNAL_STORAGE in package com.android.defcontainer
W/PackageManager( 1040): Unknown permission android.permission.READ_EXTERNAL_STORAGE in package com.android.defcontainer
W/PackageManager( 1040): Unknown permission com.google.android.c2dm.permission.RECEIVE in package com.android.vending
W/PackageManager( 1040): Unknown permission android.permission.GET_TASKS in package com.android.vending
W/PackageManager( 1040): Unknown permission android.permission.REAL_GET_TASKS in package com.android.vending
W/PackageManager( 1040): Unknown permission android.permission.INTERNET in package com.android.vending
W/PackageManager( 1040): Unknown permission android.permission.WRITE_EXTERNAL_STORAGE in package com.android.vending
W/PackageManager( 1040): Unknown permission android.permission.READ_EXTERNAL_STORAGE in package com.android.vending
W/PackageManager( 1040): Unknown permission android.permission.CLEAR_APP_CACHE in package com.android.vending
W/PackageManager( 1040): Unknown permission android.permission.CHANGE_COMPONENT_ENABLED_STATE in package com.android.vending
W/PackageManager( 1040): Unknown permission android.permission.ACCESS_NETWORK_STATE in package com.android.vending
W/PackageManager( 1040): Unknown permission android.permission.READ_PHONE_STATE in package com.android.vending
W/PackageManager( 1040): Unknown permission android.permission.CHANGE_NETWORK_STATE in package com.android.vending
W/PackageManager( 1040): Unknown permission com.google.android.providers.gsf.permission.READ_GSERVICES in package com.android.vending
W/PackageManager( 1040): Unknown permission com.google.android.providers.gsf.permission.WRITE_GSERVICES in package com.android.vending
W/PackageManager( 1040): Not granting permission android.permission.ACCESS_DOWNLOAD_MANAGER to package com.android.vending (protectionLevel=18 flags=0x4abe44)
W/PackageManager( 1040): Not granting permission android.permission.ACCESS_DOWNLOAD_MANAGER_ADVANCED to package com.android.vending (protectionLevel=18 flags=0x4abe44)
W/PackageManager( 1040): Not granting permission android.permission.SEND_DOWNLOAD_COMPLETED_INTENTS to package com.android.vending (protectionLevel=2 flags=0x4abe44)
W/PackageManager( 1040): Unknown permission android.permission.INSTALL_PACKAGES in package com.android.vending
W/PackageManager( 1040): Unknown permission android.permission.DELETE_PACKAGES in package com.android.vending
W/PackageManager( 1040): Unknown permission android.permission.NFC in package com.android.vending
W/PackageManager( 1040): Unknown permission com.android.vending.INTENT_VENDING_ONLY in package com.android.vending
W/PackageManager( 1040): Unknown permission android.permission.RECEIVE_BOOT_COMPLETED in package com.android.vending
W/PackageManager( 1040): Unknown permission android.permission.SEND_SMS in package com.android.vending
W/PackageManager( 1040): Unknown permission android.permission.SEND_SMS_NO_CONFIRMATION in package com.android.vending
W/PackageManager( 1040): Unknown permission com.android.launcher.permission.INSTALL_SHORTCUT in package com.android.vending
W/PackageManager( 1040): Unknown permission android.permission.STATUS_BAR in package com.android.vending
W/PackageManager( 1040): Unknown permission android.permission.WAKE_LOCK in package com.android.vending
W/PackageManager( 1040): Unknown permission android.permission.ACCESS_FINE_LOCATION in package com.android.vending
W/PackageManager( 1040): Unknown permission android.permission.ACCESS_COARSE_LOCATION in package com.android.vending
W/PackageManager( 1040): Unknown permission android.permission.ACCESS_WIFI_STATE in package com.android.vending
W/PackageManager( 1040): Unknown permission android.permission.USE_FINGERPRINT in package com.android.vending
W/PackageManager( 1040): Unknown permission android.permission.GET_PACKAGE_IMPORTANCE in package com.android.vending
W/PackageManager( 1040): Unknown permission android.permission.GET_ACCOUNTS in package com.android.vending
W/PackageManager( 1040): Unknown permission android.permission.MANAGE_ACCOUNTS in package com.android.vending
W/PackageManager( 1040): Unknown permission android.permission.AUTHENTICATE_ACCOUNTS in package com.android.vending
W/PackageManager( 1040): Unknown permission android.permission.USE_CREDENTIALS in package com.android.vending
W/PackageManager( 1040): Unknown permission android.permission.GET_ACCOUNTS_PRIVILEGED in package com.android.vending
W/PackageManager( 1040): Unknown permission android.permission.INSTALL_GRANT_RUNTIME_PERMISSIONS in package com.android.vending
W/PackageManager( 1040): Unknown permission android.permission.GRANT_RUNTIME_PERMISSIONS in package com.android.vending
W/PackageManager( 1040): Unknown permission android.permission.REVOKE_RUNTIME_PERMISSIONS in package com.android.vending
W/PackageManager( 1040): Unknown permission android.permission.PACKAGE_USAGE_STATS in package com.android.vending
W/PackageManager( 1040): Unknown permission android.permission.CHANGE_DEVICE_IDLE_TEMP_WHITELIST in package com.android.vending
W/PackageManager( 1040): Unknown permission android.permission.BATTERY_STATS in package com.android.vending
W/PackageManager( 1040): Unknown permission android.permission.PACKAGE_VERIFICATION_AGENT in package com.android.vending
W/PackageManager( 1040): Unknown permission android.permission.MANAGE_USERS in package com.android.vending
W/PackageManager( 1040): Unknown permission android.permission.INTERACT_ACROSS_USERS in package com.android.vending
W/PackageManager( 1040): Unknown permission android.permission.WRITE_SETTINGS in package com.android.vending
W/PackageManager( 1040): Unknown permission android.permission.WRITE_SECURE_SETTINGS in package com.android.vending
W/PackageManager( 1040): Unknown permission android.permission.FORCE_STOP_PACKAGES in package com.android.vending
W/PackageManager( 1040): Unknown permission android.permission.GET_PACKAGE_SIZE in package com.android.vending
W/PackageManager( 1040): Unknown permission com.google.android.partnersetup.permission.WRITE_APP_PROVIDER in package com.android.vending
W/PackageManager( 1040): Unknown permission android.permission.RECEIVE_SMS in package com.android.vending
W/PackageManager( 1040): Unknown permission android.permission.READ_SMS in package com.android.vending
W/PackageManager( 1040): Unknown permission android.permission.READ_CONTACTS in package com.android.vending
W/PackageManager( 1040): Unknown permission android.permission.INTERNET in package com.android.pacprocessor
W/PackageManager( 1040): Unknown permission android.permission.RECORD_AUDIO in package com.android.speechrecorder
W/PackageManager( 1040): Unknown permission android.permission.MODIFY_AUDIO_SETTINGS in package com.android.speechrecorder
W/PackageManager( 1040): Unknown permission android.permission.WAKE_LOCK in package org.geometerplus.fbreader.plugin.pdf
W/PackageManager( 1040): Unknown permission android.permission.WRITE_EXTERNAL_STORAGE in package org.geometerplus.fbreader.plugin.pdf
W/PackageManager( 1040): Unknown permission fbreader.permission.LIBRARY in package org.geometerplus.fbreader.plugin.pdf
W/PackageManager( 1040): Unknown permission fbreader.permission.CONFIG in package org.geometerplus.fbreader.plugin.pdf
W/PackageManager( 1040): Unknown permission fbreader.permission.SYNC in package org.geometerplus.fbreader.plugin.pdf
W/PackageManager( 1040): Unknown permission android.permission.READ_EXTERNAL_STORAGE in package org.geometerplus.fbreader.plugin.pdf
W/PackageManager( 1040): Unknown permission android.permission.ACCESS_COARSE_LOCATION in package com.android.camera2
W/PackageManager( 1040): Unknown permission android.permission.ACCESS_FINE_LOCATION in package com.android.camera2
W/PackageManager( 1040): Unknown permission android.permission.ACCESS_NETWORK_STATE in package com.android.camera2
W/PackageManager( 1040): Unknown permission android.permission.ACCESS_WIFI_STATE in package com.android.camera2
W/PackageManager( 1040): Unknown permission android.permission.BIND_WALLPAPER in package com.android.camera2
W/PackageManager( 1040): Unknown permission android.permission.CAMERA in package com.android.camera2
W/PackageManager( 1040): Unknown permission android.permission.CHANGE_WIFI_STATE in package com.android.camera2
W/PackageManager( 1040): Unknown permission android.permission.GET_ACCOUNTS in package com.android.camera2
W/PackageManager( 1040): Unknown permission android.permission.INTERNET in package com.android.camera2
W/PackageManager( 1040): Unknown permission android.permission.MANAGE_ACCOUNTS in package com.android.camera2
W/PackageManager( 1040): Unknown permission android.permission.NFC in package com.android.camera2
W/PackageManager( 1040): Unknown permission android.permission.READ_CONTACTS in package com.android.camera2
W/PackageManager( 1040): Unknown permission android.permission.READ_SYNC_SETTINGS in package com.android.camera2
